// Jest Snapshot v1, https://goo.gl/fbAQLP

exports[`AddProperty renders correctly 1`] = `
<DocumentFragment>
  <div
    class="add-property"
  >
    <h2>
      Add Property
    </h2>
    <form>
      <div
        class="section"
      >
        <span>
          1
        </span>
        Property Details
      </div>
      <div
        class="inner-wrap"
      >
        <label
          for="title"
        >
          Title
          <input
            class="add-property__formField"
            id="title"
            name="title"
            placeholder="Property Tagline"
            type="text"
            value=""
          />
        </label>
        <label
          for="type"
        >
          Type
          <select
            class="add-property__formField"
            id="type"
            name="type"
          >
            <option
              value="Flat"
            >
              Flat
            </option>
            <option
              value="Detached"
            >
              Detached
            </option>
            <option
              value="Semi-Detached"
            >
              Semi-Detached
            </option>
            <option
              value="Terraced"
            >
              Terraced
            </option>
            <option
              value="End of Terrace"
            >
              End of Terrace
            </option>
            <option
              value="Cottage"
            >
              Cottage
            </option>
            <option
              value="Bungalow"
            >
              Bungalow
            </option>
          </select>
        </label>
      </div>
      <div
        class="section"
      >
        <span>
          2
        </span>
        Amenities
      </div>
      <div
        class="inner-wrap"
      >
        <label
          for="bedrooms"
        >
          Bedrooms
          <input
            class="add-property__formField"
            id="bedrooms"
            name="bedrooms"
            placeholder="Number of bedrooms"
            type="number"
            value="0"
          />
        </label>
        <label
          for="bathrooms"
        >
          Bathrooms
          <input
            class="add-property__formField"
            id="bathrooms"
            name="bathrooms"
            placeholder="Number of bathrooms"
            type="number"
            value="0"
          />
        </label>
      </div>
      <div
        class="section"
      >
        <span>
          3
        </span>
        Price & City
      </div>
      <div
        class="inner-wrap"
      >
        <label
          for="price"
        >
          Price
          <input
            class="add-property__formField"
            id="price"
            name="price"
            placeholder="£150000"
            step="0.01"
            type="currency"
            value="0"
          />
        </label>
        <label
          for="city"
        >
          City
          <select
            class="add-property__formField"
            id="city"
            name="city"
          >
            <option
              value="Manchester"
            >
              Manchester
            </option>
            <option
              value="Leeds"
            >
              Leeds
            </option>
            <option
              value="Sheffield"
            >
              Sheffield
            </option>
            <option
              value="Liverpool"
            >
              Liverpool
            </option>
          </select>
        </label>
      </div>
      <div
        class="section"
      >
        <span>
          4
        </span>
        Contact
      </div>
      <div
        class="inner-wrap"
      >
        <label
          for="email"
        >
          Email
          <input
            class="add-property__formField"
            id="email"
            name="email"
            placeholder="jane.doe@email.com"
            type="email"
            value=""
          />
        </label>
      </div>
      <button
        class="add-property__button"
        type="submit"
      >
        Add
      </button>
    </form>
  </div>
</DocumentFragment>
`;
